limbo.are
plains.are
vendors.are
random.are
hitower.are
gnome.are
wyvern.are
grvstenw.are
mahntor.are
grndgn.are
undrtnl.are
secosa.are
midgaard.are
midennir.are
school.are
camelot.are
moria.are
zahadum.are
tralfin.are
havceris.are
thalos.are
misery.are
elven.are
haon.are
krpela.are
nasdesert.are
temple.are
valley.are
atlantis.are
misty.are
marsh.are
enoch.are
fifprtals.are
mirkwood.are
canyon.are
newthalos.are
circus.are
wynterhaven.are
pilgri.are
tohell.are
haven.are
chess2.are
cloudymt.are
drakyri.are
museum.are
freeport.are
vampire.are
creation.are
swordncr.are
warkeep.are
pirate.are
clock.are
titan.are
khintar.are
miosh.are
trillium.are
eros.are
witches.are
fanatics.are
golem.are
tralcast.are
bhendal.are
bangzui.are
iceworld.are
nvillage.are
humfrey.are
roogna.are
myst24hi.are
shrehros.are
mystmoon.are
glacier.are
kratas.are
tundra.are
quendor.are
specials.are
archvill.are
jurassis.are
harcdon.are
olean.are
cargan.are
lierknay.are
oceansy.are
arena1.are
elmtcrn.are
36cham.are
testors.cln
tlchalla.are
gate.are
crystpal.are
skrpela.are
palnkeep.are
lockes.are
orcout.are
plyrhses.are
drknss.are
$
